{"__type":"$$EventMessageWorkflow","id":"5f1fbc6f-2153-4390-994d-ecd7e72fb443","ts":"2025-12-13T22:01:01.137-05:00","eventName":"n8n.workflow.started","message":"n8n.workflow.started","payload":{"executionId":"72","workflowId":"8y5ALZTU2BvkIrm4","isManual":false,"workflowName":"General"}}
{"__type":"$$EventMessageConfirm","confirm":"5f1fbc6f-2153-4390-994d-ecd7e72fb443","ts":"2025-12-13T22:01:01.138-05:00","source":{"id":"0","name":"eventBus"}}
{"__type":"$$EventMessageNode","id":"5bc45961-2c26-4012-83ca-7ea396488c46","ts":"2025-12-13T22:01:01.139-05:00","eventName":"n8n.node.started","message":"n8n.node.started","payload":{"workflowId":"8y5ALZTU2BvkIrm4","workflowName":"General","executionId":"72","nodeType":"n8n-nodes-base.webhook","nodeName":"📱 Streamlit Webhook","nodeId":"ae8059ee-5c26-4af5-83ea-0b147821a989"}}
{"__type":"$$EventMessageConfirm","confirm":"5bc45961-2c26-4012-83ca-7ea396488c46","ts":"2025-12-13T22:01:01.139-05:00","source":{"id":"0","name":"eventBus"}}
{"__type":"$$EventMessageNode","id":"c66ce278-7d06-4594-9a09-0b8f8bc9cf7f","ts":"2025-12-13T22:01:01.141-05:00","eventName":"n8n.node.finished","message":"n8n.node.finished","payload":{"workflowId":"8y5ALZTU2BvkIrm4","workflowName":"General","executionId":"72","nodeType":"n8n-nodes-base.webhook","nodeName":"📱 Streamlit Webhook","nodeId":"ae8059ee-5c26-4af5-83ea-0b147821a989"}}
{"__type":"$$EventMessageConfirm","confirm":"c66ce278-7d06-4594-9a09-0b8f8bc9cf7f","ts":"2025-12-13T22:01:01.142-05:00","source":{"id":"0","name":"eventBus"}}
{"__type":"$$EventMessageNode","id":"c60e6f30-74eb-4273-9f51-81bac76e1658","ts":"2025-12-13T22:01:01.143-05:00","eventName":"n8n.node.started","message":"n8n.node.started","payload":{"workflowId":"8y5ALZTU2BvkIrm4","workflowName":"General","executionId":"72","nodeType":"n8n-nodes-base.function","nodeName":"Process Travel Data","nodeId":"02497c10-01cd-4448-8373-576a8cdff0cf"}}
{"__type":"$$EventMessageConfirm","confirm":"c60e6f30-74eb-4273-9f51-81bac76e1658","ts":"2025-12-13T22:01:01.143-05:00","source":{"id":"0","name":"eventBus"}}
{"__type":"$$EventMessageNode","id":"54d12cbf-5699-4c34-a1df-132f2412ab53","ts":"2025-12-13T22:01:01.187-05:00","eventName":"n8n.node.finished","message":"n8n.node.finished","payload":{"workflowId":"8y5ALZTU2BvkIrm4","workflowName":"General","executionId":"72","nodeType":"n8n-nodes-base.function","nodeName":"Process Travel Data","nodeId":"02497c10-01cd-4448-8373-576a8cdff0cf"}}
{"__type":"$$EventMessageConfirm","confirm":"54d12cbf-5699-4c34-a1df-132f2412ab53","ts":"2025-12-13T22:01:01.187-05:00","source":{"id":"0","name":"eventBus"}}
{"__type":"$$EventMessageNode","id":"5b836041-03c2-402e-8abd-5af86c259988","ts":"2025-12-13T22:01:01.188-05:00","eventName":"n8n.node.started","message":"n8n.node.started","payload":{"workflowId":"8y5ALZTU2BvkIrm4","workflowName":"General","executionId":"72","nodeType":"n8n-nodes-base.httpRequest","nodeName":"✈️ Skyscanner Flights","nodeId":"6d1d14dd-30a6-4993-a0b8-2e926b5e6f7d"}}
{"__type":"$$EventMessageConfirm","confirm":"5b836041-03c2-402e-8abd-5af86c259988","ts":"2025-12-13T22:01:01.188-05:00","source":{"id":"0","name":"eventBus"}}
{"__type":"$$EventMessageNode","id":"59fdb2b6-228b-4582-adc2-98eec5d0f0f1","ts":"2025-12-13T22:01:05.169-05:00","eventName":"n8n.node.finished","message":"n8n.node.finished","payload":{"workflowId":"8y5ALZTU2BvkIrm4","workflowName":"General","executionId":"72","nodeType":"n8n-nodes-base.httpRequest","nodeName":"✈️ Skyscanner Flights","nodeId":"6d1d14dd-30a6-4993-a0b8-2e926b5e6f7d"}}
{"__type":"$$EventMessageConfirm","confirm":"59fdb2b6-228b-4582-adc2-98eec5d0f0f1","ts":"2025-12-13T22:01:05.178-05:00","source":{"id":"0","name":"eventBus"}}
{"__type":"$$EventMessageNode","id":"f214acf6-a7f9-40e9-97bf-8ba8ba2a1eee","ts":"2025-12-13T22:01:05.179-05:00","eventName":"n8n.node.started","message":"n8n.node.started","payload":{"workflowId":"8y5ALZTU2BvkIrm4","workflowName":"General","executionId":"72","nodeType":"n8n-nodes-base.httpRequest","nodeName":"🗝️ Amadeus Auth Token","nodeId":"ddee2ef7-119f-4f23-8649-7285c81ad086"}}
{"__type":"$$EventMessageConfirm","confirm":"f214acf6-a7f9-40e9-97bf-8ba8ba2a1eee","ts":"2025-12-13T22:01:05.180-05:00","source":{"id":"0","name":"eventBus"}}
{"__type":"$$EventMessageNode","id":"400f95b3-65df-4171-8f18-f2fa0d8f6ea3","ts":"2025-12-13T22:01:06.827-05:00","eventName":"n8n.node.finished","message":"n8n.node.finished","payload":{"workflowId":"8y5ALZTU2BvkIrm4","workflowName":"General","executionId":"72","nodeType":"n8n-nodes-base.httpRequest","nodeName":"🗝️ Amadeus Auth Token","nodeId":"ddee2ef7-119f-4f23-8649-7285c81ad086"}}
{"__type":"$$EventMessageConfirm","confirm":"400f95b3-65df-4171-8f18-f2fa0d8f6ea3","ts":"2025-12-13T22:01:06.828-05:00","source":{"id":"0","name":"eventBus"}}
{"__type":"$$EventMessageNode","id":"b7a9794a-7c9e-4683-b7ec-0ccc4aa70633","ts":"2025-12-13T22:01:06.828-05:00","eventName":"n8n.node.started","message":"n8n.node.started","payload":{"workflowId":"8y5ALZTU2BvkIrm4","workflowName":"General","executionId":"72","nodeType":"n8n-nodes-base.httpRequest","nodeName":"🏨 Amadeus Hotels Search","nodeId":"335375c3-b2c4-488a-a187-5db699984bb5"}}
{"__type":"$$EventMessageConfirm","confirm":"b7a9794a-7c9e-4683-b7ec-0ccc4aa70633","ts":"2025-12-13T22:01:06.829-05:00","source":{"id":"0","name":"eventBus"}}
{"__type":"$$EventMessageNode","id":"6480996b-871d-4117-b65a-9a3f83e96aaa","ts":"2025-12-13T22:01:08.801-05:00","eventName":"n8n.node.finished","message":"n8n.node.finished","payload":{"workflowId":"8y5ALZTU2BvkIrm4","workflowName":"General","executionId":"72","nodeType":"n8n-nodes-base.httpRequest","nodeName":"🏨 Amadeus Hotels Search","nodeId":"335375c3-b2c4-488a-a187-5db699984bb5"}}
{"__type":"$$EventMessageConfirm","confirm":"6480996b-871d-4117-b65a-9a3f83e96aaa","ts":"2025-12-13T22:01:08.801-05:00","source":{"id":"0","name":"eventBus"}}
{"__type":"$$EventMessageNode","id":"41cd3a33-eef9-42a5-8ff6-e2524a4a651c","ts":"2025-12-13T22:01:08.801-05:00","eventName":"n8n.node.started","message":"n8n.node.started","payload":{"workflowId":"8y5ALZTU2BvkIrm4","workflowName":"General","executionId":"72","nodeType":"n8n-nodes-base.code","nodeName":"🧩 Parse Amadeus Hotels","nodeId":"47677723-da63-41ea-8c58-4cff95258258"}}
{"__type":"$$EventMessageConfirm","confirm":"41cd3a33-eef9-42a5-8ff6-e2524a4a651c","ts":"2025-12-13T22:01:08.802-05:00","source":{"id":"0","name":"eventBus"}}
{"__type":"$$EventMessageNode","id":"81a7d15f-fe27-41cb-93de-8e8d2ac01cc3","ts":"2025-12-13T22:01:08.972-05:00","eventName":"n8n.node.finished","message":"n8n.node.finished","payload":{"workflowId":"8y5ALZTU2BvkIrm4","workflowName":"General","executionId":"72","nodeType":"n8n-nodes-base.code","nodeName":"🧩 Parse Amadeus Hotels","nodeId":"47677723-da63-41ea-8c58-4cff95258258"}}
{"__type":"$$EventMessageConfirm","confirm":"81a7d15f-fe27-41cb-93de-8e8d2ac01cc3","ts":"2025-12-13T22:01:08.972-05:00","source":{"id":"0","name":"eventBus"}}
{"__type":"$$EventMessageNode","id":"e9ee9b75-5965-4055-89b8-e49aea8a18e1","ts":"2025-12-13T22:01:08.977-05:00","eventName":"n8n.node.started","message":"n8n.node.started","payload":{"workflowId":"8y5ALZTU2BvkIrm4","workflowName":"General","executionId":"72","nodeType":"n8n-nodes-base.code","nodeName":"Code in JavaScript","nodeId":"9ad265ae-5dcc-402a-9191-c6e7792d671f"}}
{"__type":"$$EventMessageConfirm","confirm":"e9ee9b75-5965-4055-89b8-e49aea8a18e1","ts":"2025-12-13T22:01:08.977-05:00","source":{"id":"0","name":"eventBus"}}
{"__type":"$$EventMessageNode","id":"a710d2cd-0c83-47dd-827a-61a6f2e2783e","ts":"2025-12-13T22:01:09.034-05:00","eventName":"n8n.node.finished","message":"n8n.node.finished","payload":{"workflowId":"8y5ALZTU2BvkIrm4","workflowName":"General","executionId":"72","nodeType":"n8n-nodes-base.code","nodeName":"Code in JavaScript","nodeId":"9ad265ae-5dcc-402a-9191-c6e7792d671f"}}
{"__type":"$$EventMessageConfirm","confirm":"a710d2cd-0c83-47dd-827a-61a6f2e2783e","ts":"2025-12-13T22:01:09.035-05:00","source":{"id":"0","name":"eventBus"}}
{"__type":"$$EventMessageNode","id":"2a7b6054-5389-4367-93e3-e7b91ba8a52c","ts":"2025-12-13T22:01:09.035-05:00","eventName":"n8n.node.started","message":"n8n.node.started","payload":{"workflowId":"8y5ALZTU2BvkIrm4","workflowName":"General","executionId":"72","nodeType":"n8n-nodes-base.function","nodeName":"💡 Generate Travel Recommendations","nodeId":"300dd062-67fe-4694-b4db-81170145ca24"}}
{"__type":"$$EventMessageConfirm","confirm":"2a7b6054-5389-4367-93e3-e7b91ba8a52c","ts":"2025-12-13T22:01:09.035-05:00","source":{"id":"0","name":"eventBus"}}
{"__type":"$$EventMessageNode","id":"206871d1-8c14-4ebd-a16a-61b7a557895f","ts":"2025-12-13T22:01:09.076-05:00","eventName":"n8n.node.finished","message":"n8n.node.finished","payload":{"workflowId":"8y5ALZTU2BvkIrm4","workflowName":"General","executionId":"72","nodeType":"n8n-nodes-base.function","nodeName":"💡 Generate Travel Recommendations","nodeId":"300dd062-67fe-4694-b4db-81170145ca24"}}
{"__type":"$$EventMessageConfirm","confirm":"206871d1-8c14-4ebd-a16a-61b7a557895f","ts":"2025-12-13T22:01:09.077-05:00","source":{"id":"0","name":"eventBus"}}
{"__type":"$$EventMessageNode","id":"f7069c6e-2b0f-4cf8-a8d5-6320207cbb38","ts":"2025-12-13T22:01:09.079-05:00","eventName":"n8n.node.started","message":"n8n.node.started","payload":{"workflowId":"8y5ALZTU2BvkIrm4","workflowName":"General","executionId":"72","nodeType":"n8n-nodes-base.supabase","nodeName":"💾 Supabase Storage","nodeId":"5decf8b0-d187-4260-9cad-7841d180e7bb"}}
{"__type":"$$EventMessageConfirm","confirm":"f7069c6e-2b0f-4cf8-a8d5-6320207cbb38","ts":"2025-12-13T22:01:09.079-05:00","source":{"id":"0","name":"eventBus"}}
{"__type":"$$EventMessageNode","id":"87780678-fe93-4992-9fdc-e630f6e99919","ts":"2025-12-13T22:01:10.631-05:00","eventName":"n8n.node.finished","message":"n8n.node.finished","payload":{"workflowId":"8y5ALZTU2BvkIrm4","workflowName":"General","executionId":"72","nodeType":"n8n-nodes-base.supabase","nodeName":"💾 Supabase Storage","nodeId":"5decf8b0-d187-4260-9cad-7841d180e7bb"}}
{"__type":"$$EventMessageConfirm","confirm":"87780678-fe93-4992-9fdc-e630f6e99919","ts":"2025-12-13T22:01:10.632-05:00","source":{"id":"0","name":"eventBus"}}
{"__type":"$$EventMessageNode","id":"da76690c-6821-4919-a852-bd106f20355e","ts":"2025-12-13T22:01:10.632-05:00","eventName":"n8n.node.started","message":"n8n.node.started","payload":{"workflowId":"8y5ALZTU2BvkIrm4","workflowName":"General","executionId":"72","nodeType":"n8n-nodes-base.code","nodeName":"Code in JavaScript1","nodeId":"fa6afa75-0195-4c00-9736-9fa0dfb030c1"}}
{"__type":"$$EventMessageConfirm","confirm":"da76690c-6821-4919-a852-bd106f20355e","ts":"2025-12-13T22:01:10.632-05:00","source":{"id":"0","name":"eventBus"}}
{"__type":"$$EventMessageNode","id":"41b72c3f-b241-47f7-8ca7-6cc5af35d167","ts":"2025-12-13T22:01:10.645-05:00","eventName":"n8n.node.finished","message":"n8n.node.finished","payload":{"workflowId":"8y5ALZTU2BvkIrm4","workflowName":"General","executionId":"72","nodeType":"n8n-nodes-base.code","nodeName":"Code in JavaScript1","nodeId":"fa6afa75-0195-4c00-9736-9fa0dfb030c1"}}
{"__type":"$$EventMessageConfirm","confirm":"41b72c3f-b241-47f7-8ca7-6cc5af35d167","ts":"2025-12-13T22:01:10.645-05:00","source":{"id":"0","name":"eventBus"}}
{"__type":"$$EventMessageNode","id":"cfed4d5c-d590-4337-8901-904f0ec64a33","ts":"2025-12-13T22:01:10.646-05:00","eventName":"n8n.node.started","message":"n8n.node.started","payload":{"workflowId":"8y5ALZTU2BvkIrm4","workflowName":"General","executionId":"72","nodeType":"n8n-nodes-base.if","nodeName":"🎯 Check Great Deal","nodeId":"2d5f8692-815e-4325-a900-48f6502f5fc0"}}
{"__type":"$$EventMessageConfirm","confirm":"cfed4d5c-d590-4337-8901-904f0ec64a33","ts":"2025-12-13T22:01:10.646-05:00","source":{"id":"0","name":"eventBus"}}
{"__type":"$$EventMessageNode","id":"7a42dc2e-c1aa-461d-85a5-caecf5560686","ts":"2025-12-13T22:01:10.650-05:00","eventName":"n8n.node.finished","message":"n8n.node.finished","payload":{"workflowId":"8y5ALZTU2BvkIrm4","workflowName":"General","executionId":"72","nodeType":"n8n-nodes-base.if","nodeName":"🎯 Check Great Deal","nodeId":"2d5f8692-815e-4325-a900-48f6502f5fc0"}}
{"__type":"$$EventMessageConfirm","confirm":"7a42dc2e-c1aa-461d-85a5-caecf5560686","ts":"2025-12-13T22:01:10.651-05:00","source":{"id":"0","name":"eventBus"}}
{"__type":"$$EventMessageNode","id":"1a94b068-1f73-473a-9524-6b454220427e","ts":"2025-12-13T22:01:10.651-05:00","eventName":"n8n.node.started","message":"n8n.node.started","payload":{"workflowId":"8y5ALZTU2BvkIrm4","workflowName":"General","executionId":"72","nodeType":"n8n-nodes-base.respondToWebhook","nodeName":"Respond to Webhook1","nodeId":"21d30c3a-21ce-476e-a3c4-2813894cc904"}}
{"__type":"$$EventMessageConfirm","confirm":"1a94b068-1f73-473a-9524-6b454220427e","ts":"2025-12-13T22:01:10.651-05:00","source":{"id":"0","name":"eventBus"}}
{"__type":"$$EventMessageNode","id":"ca32cde7-4b75-4156-89f2-d4ffde080021","ts":"2025-12-13T22:01:10.662-05:00","eventName":"n8n.node.finished","message":"n8n.node.finished","payload":{"workflowId":"8y5ALZTU2BvkIrm4","workflowName":"General","executionId":"72","nodeType":"n8n-nodes-base.respondToWebhook","nodeName":"Respond to Webhook1","nodeId":"21d30c3a-21ce-476e-a3c4-2813894cc904"}}
{"__type":"$$EventMessageConfirm","confirm":"ca32cde7-4b75-4156-89f2-d4ffde080021","ts":"2025-12-13T22:01:10.663-05:00","source":{"id":"0","name":"eventBus"}}
{"__type":"$$EventMessageWorkflow","id":"f661a3d2-d93a-4967-9181-8942a8cfaf1b","ts":"2025-12-13T22:01:10.667-05:00","eventName":"n8n.workflow.success","message":"n8n.workflow.success","payload":{"executionId":"72","success":true,"isManual":false,"workflowId":"8y5ALZTU2BvkIrm4","workflowName":"General"}}
{"__type":"$$EventMessageConfirm","confirm":"f661a3d2-d93a-4967-9181-8942a8cfaf1b","ts":"2025-12-13T22:01:10.667-05:00","source":{"id":"0","name":"eventBus"}}
{"__type":"$$EventMessageWorkflow","id":"76b334da-9aea-4d81-8846-08d42f628360","ts":"2025-12-15T07:30:50.723-05:00","eventName":"n8n.workflow.started","message":"n8n.workflow.started","payload":{"executionId":"73","workflowId":"8y5ALZTU2BvkIrm4","isManual":false,"workflowName":"General"}}
{"__type":"$$EventMessageConfirm","confirm":"76b334da-9aea-4d81-8846-08d42f628360","ts":"2025-12-15T07:30:50.734-05:00","source":{"id":"0","name":"eventBus"}}
{"__type":"$$EventMessageNode","id":"a08fec6c-2388-43a3-9d49-4d5f4a1edb27","ts":"2025-12-15T07:30:50.743-05:00","eventName":"n8n.node.started","message":"n8n.node.started","payload":{"workflowId":"8y5ALZTU2BvkIrm4","workflowName":"General","executionId":"73","nodeType":"n8n-nodes-base.webhook","nodeName":"📱 Streamlit Webhook","nodeId":"ae8059ee-5c26-4af5-83ea-0b147821a989"}}
{"__type":"$$EventMessageConfirm","confirm":"a08fec6c-2388-43a3-9d49-4d5f4a1edb27","ts":"2025-12-15T07:30:50.744-05:00","source":{"id":"0","name":"eventBus"}}
{"__type":"$$EventMessageNode","id":"68f79390-85f8-4b42-b452-112ad3ce4ff5","ts":"2025-12-15T07:30:50.755-05:00","eventName":"n8n.node.finished","message":"n8n.node.finished","payload":{"workflowId":"8y5ALZTU2BvkIrm4","workflowName":"General","executionId":"73","nodeType":"n8n-nodes-base.webhook","nodeName":"📱 Streamlit Webhook","nodeId":"ae8059ee-5c26-4af5-83ea-0b147821a989"}}
{"__type":"$$EventMessageConfirm","confirm":"68f79390-85f8-4b42-b452-112ad3ce4ff5","ts":"2025-12-15T07:30:50.755-05:00","source":{"id":"0","name":"eventBus"}}
{"__type":"$$EventMessageNode","id":"ff26474e-6316-4102-86f8-5fe0ebebb123","ts":"2025-12-15T07:30:50.758-05:00","eventName":"n8n.node.started","message":"n8n.node.started","payload":{"workflowId":"8y5ALZTU2BvkIrm4","workflowName":"General","executionId":"73","nodeType":"n8n-nodes-base.function","nodeName":"Process Travel Data","nodeId":"02497c10-01cd-4448-8373-576a8cdff0cf"}}
{"__type":"$$EventMessageConfirm","confirm":"ff26474e-6316-4102-86f8-5fe0ebebb123","ts":"2025-12-15T07:30:50.758-05:00","source":{"id":"0","name":"eventBus"}}
{"__type":"$$EventMessageNode","id":"54ba15d6-0267-4dac-9dd5-97ba508fc8d4","ts":"2025-12-15T07:30:50.940-05:00","eventName":"n8n.node.finished","message":"n8n.node.finished","payload":{"workflowId":"8y5ALZTU2BvkIrm4","workflowName":"General","executionId":"73","nodeType":"n8n-nodes-base.function","nodeName":"Process Travel Data","nodeId":"02497c10-01cd-4448-8373-576a8cdff0cf"}}
{"__type":"$$EventMessageConfirm","confirm":"54ba15d6-0267-4dac-9dd5-97ba508fc8d4","ts":"2025-12-15T07:30:50.940-05:00","source":{"id":"0","name":"eventBus"}}
{"__type":"$$EventMessageNode","id":"e4a23dab-bf01-4816-b1fd-fe95d7c5ba75","ts":"2025-12-15T07:30:50.942-05:00","eventName":"n8n.node.started","message":"n8n.node.started","payload":{"workflowId":"8y5ALZTU2BvkIrm4","workflowName":"General","executionId":"73","nodeType":"n8n-nodes-base.httpRequest","nodeName":"✈️ Skyscanner Flights","nodeId":"6d1d14dd-30a6-4993-a0b8-2e926b5e6f7d"}}
{"__type":"$$EventMessageConfirm","confirm":"e4a23dab-bf01-4816-b1fd-fe95d7c5ba75","ts":"2025-12-15T07:30:50.942-05:00","source":{"id":"0","name":"eventBus"}}
{"__type":"$$EventMessageNode","id":"d3349da0-8c6d-4e18-9362-0b5c4d86e62a","ts":"2025-12-15T07:30:55.037-05:00","eventName":"n8n.node.finished","message":"n8n.node.finished","payload":{"workflowId":"8y5ALZTU2BvkIrm4","workflowName":"General","executionId":"73","nodeType":"n8n-nodes-base.httpRequest","nodeName":"✈️ Skyscanner Flights","nodeId":"6d1d14dd-30a6-4993-a0b8-2e926b5e6f7d"}}
{"__type":"$$EventMessageConfirm","confirm":"d3349da0-8c6d-4e18-9362-0b5c4d86e62a","ts":"2025-12-15T07:30:55.038-05:00","source":{"id":"0","name":"eventBus"}}
{"__type":"$$EventMessageNode","id":"3f82167c-34f1-4f5c-a20e-cb3bc8c64da4","ts":"2025-12-15T07:30:55.038-05:00","eventName":"n8n.node.started","message":"n8n.node.started","payload":{"workflowId":"8y5ALZTU2BvkIrm4","workflowName":"General","executionId":"73","nodeType":"n8n-nodes-base.httpRequest","nodeName":"🗝️ Amadeus Auth Token","nodeId":"ddee2ef7-119f-4f23-8649-7285c81ad086"}}
{"__type":"$$EventMessageConfirm","confirm":"3f82167c-34f1-4f5c-a20e-cb3bc8c64da4","ts":"2025-12-15T07:30:55.038-05:00","source":{"id":"0","name":"eventBus"}}
{"__type":"$$EventMessageNode","id":"d5e2bdcb-c61a-4100-b7ee-c2c360434623","ts":"2025-12-15T07:30:56.463-05:00","eventName":"n8n.node.finished","message":"n8n.node.finished","payload":{"workflowId":"8y5ALZTU2BvkIrm4","workflowName":"General","executionId":"73","nodeType":"n8n-nodes-base.httpRequest","nodeName":"🗝️ Amadeus Auth Token","nodeId":"ddee2ef7-119f-4f23-8649-7285c81ad086"}}
{"__type":"$$EventMessageConfirm","confirm":"d5e2bdcb-c61a-4100-b7ee-c2c360434623","ts":"2025-12-15T07:30:56.464-05:00","source":{"id":"0","name":"eventBus"}}
{"__type":"$$EventMessageNode","id":"a61e7f8b-4899-459a-b417-09685218cce7","ts":"2025-12-15T07:30:56.464-05:00","eventName":"n8n.node.started","message":"n8n.node.started","payload":{"workflowId":"8y5ALZTU2BvkIrm4","workflowName":"General","executionId":"73","nodeType":"n8n-nodes-base.httpRequest","nodeName":"🏨 Amadeus Hotels Search","nodeId":"335375c3-b2c4-488a-a187-5db699984bb5"}}
{"__type":"$$EventMessageConfirm","confirm":"a61e7f8b-4899-459a-b417-09685218cce7","ts":"2025-12-15T07:30:56.464-05:00","source":{"id":"0","name":"eventBus"}}
{"__type":"$$EventMessageNode","id":"882e8ab6-e146-4beb-afbc-3a8fa5b42f26","ts":"2025-12-15T07:30:57.973-05:00","eventName":"n8n.node.finished","message":"n8n.node.finished","payload":{"workflowId":"8y5ALZTU2BvkIrm4","workflowName":"General","executionId":"73","nodeType":"n8n-nodes-base.httpRequest","nodeName":"🏨 Amadeus Hotels Search","nodeId":"335375c3-b2c4-488a-a187-5db699984bb5"}}
{"__type":"$$EventMessageConfirm","confirm":"882e8ab6-e146-4beb-afbc-3a8fa5b42f26","ts":"2025-12-15T07:30:57.974-05:00","source":{"id":"0","name":"eventBus"}}
{"__type":"$$EventMessageNode","id":"c3659788-4698-47e3-9ac2-5c040a456fa8","ts":"2025-12-15T07:30:57.975-05:00","eventName":"n8n.node.started","message":"n8n.node.started","payload":{"workflowId":"8y5ALZTU2BvkIrm4","workflowName":"General","executionId":"73","nodeType":"n8n-nodes-base.code","nodeName":"🧩 Parse Amadeus Hotels","nodeId":"47677723-da63-41ea-8c58-4cff95258258"}}
{"__type":"$$EventMessageConfirm","confirm":"c3659788-4698-47e3-9ac2-5c040a456fa8","ts":"2025-12-15T07:30:57.975-05:00","source":{"id":"0","name":"eventBus"}}
{"__type":"$$EventMessageNode","id":"bf551c91-dd22-4124-92d9-50744d81e5d2","ts":"2025-12-15T07:30:58.256-05:00","eventName":"n8n.node.finished","message":"n8n.node.finished","payload":{"workflowId":"8y5ALZTU2BvkIrm4","workflowName":"General","executionId":"73","nodeType":"n8n-nodes-base.code","nodeName":"🧩 Parse Amadeus Hotels","nodeId":"47677723-da63-41ea-8c58-4cff95258258"}}
{"__type":"$$EventMessageConfirm","confirm":"bf551c91-dd22-4124-92d9-50744d81e5d2","ts":"2025-12-15T07:30:58.256-05:00","source":{"id":"0","name":"eventBus"}}
{"__type":"$$EventMessageNode","id":"6358d4e7-33cc-42bc-917d-2823d8549272","ts":"2025-12-15T07:30:58.264-05:00","eventName":"n8n.node.started","message":"n8n.node.started","payload":{"workflowId":"8y5ALZTU2BvkIrm4","workflowName":"General","executionId":"73","nodeType":"n8n-nodes-base.code","nodeName":"Code in JavaScript","nodeId":"9ad265ae-5dcc-402a-9191-c6e7792d671f"}}
{"__type":"$$EventMessageConfirm","confirm":"6358d4e7-33cc-42bc-917d-2823d8549272","ts":"2025-12-15T07:30:58.264-05:00","source":{"id":"0","name":"eventBus"}}
{"__type":"$$EventMessageNode","id":"146d09c6-be01-485f-b580-c0b70cb7cf40","ts":"2025-12-15T07:30:58.298-05:00","eventName":"n8n.node.finished","message":"n8n.node.finished","payload":{"workflowId":"8y5ALZTU2BvkIrm4","workflowName":"General","executionId":"73","nodeType":"n8n-nodes-base.code","nodeName":"Code in JavaScript","nodeId":"9ad265ae-5dcc-402a-9191-c6e7792d671f"}}
{"__type":"$$EventMessageConfirm","confirm":"146d09c6-be01-485f-b580-c0b70cb7cf40","ts":"2025-12-15T07:30:58.299-05:00","source":{"id":"0","name":"eventBus"}}
{"__type":"$$EventMessageNode","id":"1d7f2ac9-865c-4ada-bdaf-0448be6d3f97","ts":"2025-12-15T07:30:58.299-05:00","eventName":"n8n.node.started","message":"n8n.node.started","payload":{"workflowId":"8y5ALZTU2BvkIrm4","workflowName":"General","executionId":"73","nodeType":"n8n-nodes-base.function","nodeName":"💡 Generate Travel Recommendations","nodeId":"300dd062-67fe-4694-b4db-81170145ca24"}}
{"__type":"$$EventMessageConfirm","confirm":"1d7f2ac9-865c-4ada-bdaf-0448be6d3f97","ts":"2025-12-15T07:30:58.305-05:00","source":{"id":"0","name":"eventBus"}}
{"__type":"$$EventMessageNode","id":"d677d67b-a12a-4552-a220-104a06ae3e11","ts":"2025-12-15T07:30:58.599-05:00","eventName":"n8n.node.finished","message":"n8n.node.finished","payload":{"workflowId":"8y5ALZTU2BvkIrm4","workflowName":"General","executionId":"73","nodeType":"n8n-nodes-base.function","nodeName":"💡 Generate Travel Recommendations","nodeId":"300dd062-67fe-4694-b4db-81170145ca24"}}
{"__type":"$$EventMessageConfirm","confirm":"d677d67b-a12a-4552-a220-104a06ae3e11","ts":"2025-12-15T07:30:58.599-05:00","source":{"id":"0","name":"eventBus"}}
{"__type":"$$EventMessageNode","id":"26917b51-4fa2-44a4-a53c-310fc429a1d9","ts":"2025-12-15T07:30:58.600-05:00","eventName":"n8n.node.started","message":"n8n.node.started","payload":{"workflowId":"8y5ALZTU2BvkIrm4","workflowName":"General","executionId":"73","nodeType":"n8n-nodes-base.supabase","nodeName":"💾 Supabase Storage","nodeId":"5decf8b0-d187-4260-9cad-7841d180e7bb"}}
{"__type":"$$EventMessageConfirm","confirm":"26917b51-4fa2-44a4-a53c-310fc429a1d9","ts":"2025-12-15T07:30:58.600-05:00","source":{"id":"0","name":"eventBus"}}
{"__type":"$$EventMessageNode","id":"e18629ab-7e78-4f03-8ce2-fd7d39522764","ts":"2025-12-15T07:31:01.784-05:00","eventName":"n8n.node.finished","message":"n8n.node.finished","payload":{"workflowId":"8y5ALZTU2BvkIrm4","workflowName":"General","executionId":"73","nodeType":"n8n-nodes-base.supabase","nodeName":"💾 Supabase Storage","nodeId":"5decf8b0-d187-4260-9cad-7841d180e7bb"}}
{"__type":"$$EventMessageConfirm","confirm":"e18629ab-7e78-4f03-8ce2-fd7d39522764","ts":"2025-12-15T07:31:01.784-05:00","source":{"id":"0","name":"eventBus"}}
{"__type":"$$EventMessageNode","id":"e41fbd57-4549-4d17-8964-468d713a3acb","ts":"2025-12-15T07:31:01.785-05:00","eventName":"n8n.node.started","message":"n8n.node.started","payload":{"workflowId":"8y5ALZTU2BvkIrm4","workflowName":"General","executionId":"73","nodeType":"n8n-nodes-base.code","nodeName":"Code in JavaScript1","nodeId":"fa6afa75-0195-4c00-9736-9fa0dfb030c1"}}
{"__type":"$$EventMessageConfirm","confirm":"e41fbd57-4549-4d17-8964-468d713a3acb","ts":"2025-12-15T07:31:01.785-05:00","source":{"id":"0","name":"eventBus"}}
{"__type":"$$EventMessageNode","id":"eb01e16e-243f-4081-84e5-2c59c6415ff3","ts":"2025-12-15T07:31:01.802-05:00","eventName":"n8n.node.finished","message":"n8n.node.finished","payload":{"workflowId":"8y5ALZTU2BvkIrm4","workflowName":"General","executionId":"73","nodeType":"n8n-nodes-base.code","nodeName":"Code in JavaScript1","nodeId":"fa6afa75-0195-4c00-9736-9fa0dfb030c1"}}
{"__type":"$$EventMessageConfirm","confirm":"eb01e16e-243f-4081-84e5-2c59c6415ff3","ts":"2025-12-15T07:31:01.803-05:00","source":{"id":"0","name":"eventBus"}}
{"__type":"$$EventMessageNode","id":"db0583cb-3b6c-46d6-bb48-8b2127fe619a","ts":"2025-12-15T07:31:01.804-05:00","eventName":"n8n.node.started","message":"n8n.node.started","payload":{"workflowId":"8y5ALZTU2BvkIrm4","workflowName":"General","executionId":"73","nodeType":"n8n-nodes-base.if","nodeName":"🎯 Check Great Deal","nodeId":"2d5f8692-815e-4325-a900-48f6502f5fc0"}}
{"__type":"$$EventMessageConfirm","confirm":"db0583cb-3b6c-46d6-bb48-8b2127fe619a","ts":"2025-12-15T07:31:01.804-05:00","source":{"id":"0","name":"eventBus"}}
{"__type":"$$EventMessageNode","id":"6b4aa99d-3612-4070-9506-c0e17baa4d61","ts":"2025-12-15T07:31:01.806-05:00","eventName":"n8n.node.finished","message":"n8n.node.finished","payload":{"workflowId":"8y5ALZTU2BvkIrm4","workflowName":"General","executionId":"73","nodeType":"n8n-nodes-base.if","nodeName":"🎯 Check Great Deal","nodeId":"2d5f8692-815e-4325-a900-48f6502f5fc0"}}
{"__type":"$$EventMessageConfirm","confirm":"6b4aa99d-3612-4070-9506-c0e17baa4d61","ts":"2025-12-15T07:31:01.806-05:00","source":{"id":"0","name":"eventBus"}}
{"__type":"$$EventMessageNode","id":"509f5b85-4f72-4650-8a4f-0e5d98b01c28","ts":"2025-12-15T07:31:01.806-05:00","eventName":"n8n.node.started","message":"n8n.node.started","payload":{"workflowId":"8y5ALZTU2BvkIrm4","workflowName":"General","executionId":"73","nodeType":"n8n-nodes-base.emailSend","nodeName":"Enviar Correo1","nodeId":"cae987c6-c9aa-4be8-abd1-aa4d4e16b230"}}
{"__type":"$$EventMessageConfirm","confirm":"509f5b85-4f72-4650-8a4f-0e5d98b01c28","ts":"2025-12-15T07:31:01.806-05:00","source":{"id":"0","name":"eventBus"}}
{"__type":"$$EventMessageNode","id":"9a54c8e5-87d9-4ace-93c4-5ab71909c9e0","ts":"2025-12-15T07:31:05.860-05:00","eventName":"n8n.node.finished","message":"n8n.node.finished","payload":{"workflowId":"8y5ALZTU2BvkIrm4","workflowName":"General","executionId":"73","nodeType":"n8n-nodes-base.emailSend","nodeName":"Enviar Correo1","nodeId":"cae987c6-c9aa-4be8-abd1-aa4d4e16b230"}}
{"__type":"$$EventMessageConfirm","confirm":"9a54c8e5-87d9-4ace-93c4-5ab71909c9e0","ts":"2025-12-15T07:31:05.861-05:00","source":{"id":"0","name":"eventBus"}}
{"__type":"$$EventMessageNode","id":"911f7ca0-36f6-4028-8476-ba3c9ddf122c","ts":"2025-12-15T07:31:05.861-05:00","eventName":"n8n.node.started","message":"n8n.node.started","payload":{"workflowId":"8y5ALZTU2BvkIrm4","workflowName":"General","executionId":"73","nodeType":"n8n-nodes-base.respondToWebhook","nodeName":"Respond to Webhook1","nodeId":"21d30c3a-21ce-476e-a3c4-2813894cc904"}}
{"__type":"$$EventMessageConfirm","confirm":"911f7ca0-36f6-4028-8476-ba3c9ddf122c","ts":"2025-12-15T07:31:05.862-05:00","source":{"id":"0","name":"eventBus"}}
{"__type":"$$EventMessageNode","id":"e24e30c5-cd57-4f87-9f0e-5ed89c0febb8","ts":"2025-12-15T07:31:05.867-05:00","eventName":"n8n.node.finished","message":"n8n.node.finished","payload":{"workflowId":"8y5ALZTU2BvkIrm4","workflowName":"General","executionId":"73","nodeType":"n8n-nodes-base.respondToWebhook","nodeName":"Respond to Webhook1","nodeId":"21d30c3a-21ce-476e-a3c4-2813894cc904"}}
{"__type":"$$EventMessageConfirm","confirm":"e24e30c5-cd57-4f87-9f0e-5ed89c0febb8","ts":"2025-12-15T07:31:05.867-05:00","source":{"id":"0","name":"eventBus"}}
{"__type":"$$EventMessageWorkflow","id":"81dee6a5-feea-40ff-8fd7-9da92c4c8c67","ts":"2025-12-15T07:31:05.868-05:00","eventName":"n8n.workflow.success","message":"n8n.workflow.success","payload":{"executionId":"73","success":true,"isManual":false,"workflowId":"8y5ALZTU2BvkIrm4","workflowName":"General"}}
{"__type":"$$EventMessageConfirm","confirm":"81dee6a5-feea-40ff-8fd7-9da92c4c8c67","ts":"2025-12-15T07:31:05.868-05:00","source":{"id":"0","name":"eventBus"}}
{"__type":"$$EventMessageWorkflow","id":"17a82dbf-9d11-46b1-942a-7670b0af5768","ts":"2025-12-15T07:47:36.238-05:00","eventName":"n8n.workflow.started","message":"n8n.workflow.started","payload":{"executionId":"74","workflowId":"8y5ALZTU2BvkIrm4","isManual":false,"workflowName":"General"}}
{"__type":"$$EventMessageConfirm","confirm":"17a82dbf-9d11-46b1-942a-7670b0af5768","ts":"2025-12-15T07:47:36.240-05:00","source":{"id":"0","name":"eventBus"}}
{"__type":"$$EventMessageNode","id":"ed983a36-07b4-43bf-98ee-4fbb56afcc15","ts":"2025-12-15T07:47:36.240-05:00","eventName":"n8n.node.started","message":"n8n.node.started","payload":{"workflowId":"8y5ALZTU2BvkIrm4","workflowName":"General","executionId":"74","nodeType":"n8n-nodes-base.webhook","nodeName":"📱 Streamlit Webhook","nodeId":"ae8059ee-5c26-4af5-83ea-0b147821a989"}}
{"__type":"$$EventMessageConfirm","confirm":"ed983a36-07b4-43bf-98ee-4fbb56afcc15","ts":"2025-12-15T07:47:36.240-05:00","source":{"id":"0","name":"eventBus"}}
{"__type":"$$EventMessageNode","id":"1d3b2d35-dc08-44f2-8eaf-e4c737267664","ts":"2025-12-15T07:47:36.241-05:00","eventName":"n8n.node.finished","message":"n8n.node.finished","payload":{"workflowId":"8y5ALZTU2BvkIrm4","workflowName":"General","executionId":"74","nodeType":"n8n-nodes-base.webhook","nodeName":"📱 Streamlit Webhook","nodeId":"ae8059ee-5c26-4af5-83ea-0b147821a989"}}
{"__type":"$$EventMessageConfirm","confirm":"1d3b2d35-dc08-44f2-8eaf-e4c737267664","ts":"2025-12-15T07:47:36.241-05:00","source":{"id":"0","name":"eventBus"}}
{"__type":"$$EventMessageNode","id":"74d4d6dc-a02a-4496-9a78-7d6c71ad5929","ts":"2025-12-15T07:47:36.241-05:00","eventName":"n8n.node.started","message":"n8n.node.started","payload":{"workflowId":"8y5ALZTU2BvkIrm4","workflowName":"General","executionId":"74","nodeType":"n8n-nodes-base.function","nodeName":"Process Travel Data","nodeId":"02497c10-01cd-4448-8373-576a8cdff0cf"}}
{"__type":"$$EventMessageConfirm","confirm":"74d4d6dc-a02a-4496-9a78-7d6c71ad5929","ts":"2025-12-15T07:47:36.241-05:00","source":{"id":"0","name":"eventBus"}}
{"__type":"$$EventMessageNode","id":"45da57da-4b4d-4af6-97e6-373036894e32","ts":"2025-12-15T07:47:36.265-05:00","eventName":"n8n.node.finished","message":"n8n.node.finished","payload":{"workflowId":"8y5ALZTU2BvkIrm4","workflowName":"General","executionId":"74","nodeType":"n8n-nodes-base.function","nodeName":"Process Travel Data","nodeId":"02497c10-01cd-4448-8373-576a8cdff0cf"}}
{"__type":"$$EventMessageConfirm","confirm":"45da57da-4b4d-4af6-97e6-373036894e32","ts":"2025-12-15T07:47:36.265-05:00","source":{"id":"0","name":"eventBus"}}
{"__type":"$$EventMessageNode","id":"3908befa-8e21-4903-810b-d0cbde02acdf","ts":"2025-12-15T07:47:36.266-05:00","eventName":"n8n.node.started","message":"n8n.node.started","payload":{"workflowId":"8y5ALZTU2BvkIrm4","workflowName":"General","executionId":"74","nodeType":"n8n-nodes-base.httpRequest","nodeName":"✈️ Skyscanner Flights","nodeId":"6d1d14dd-30a6-4993-a0b8-2e926b5e6f7d"}}
{"__type":"$$EventMessageConfirm","confirm":"3908befa-8e21-4903-810b-d0cbde02acdf","ts":"2025-12-15T07:47:36.266-05:00","source":{"id":"0","name":"eventBus"}}
{"__type":"$$EventMessageNode","id":"83b1e162-acc7-4c31-9b1a-8a8d71baad55","ts":"2025-12-15T07:47:40.373-05:00","eventName":"n8n.node.finished","message":"n8n.node.finished","payload":{"workflowId":"8y5ALZTU2BvkIrm4","workflowName":"General","executionId":"74","nodeType":"n8n-nodes-base.httpRequest","nodeName":"✈️ Skyscanner Flights","nodeId":"6d1d14dd-30a6-4993-a0b8-2e926b5e6f7d"}}
{"__type":"$$EventMessageConfirm","confirm":"83b1e162-acc7-4c31-9b1a-8a8d71baad55","ts":"2025-12-15T07:47:40.373-05:00","source":{"id":"0","name":"eventBus"}}
{"__type":"$$EventMessageNode","id":"12b959f6-00b4-4026-bb00-2291d9b2a9cf","ts":"2025-12-15T07:47:40.373-05:00","eventName":"n8n.node.started","message":"n8n.node.started","payload":{"workflowId":"8y5ALZTU2BvkIrm4","workflowName":"General","executionId":"74","nodeType":"n8n-nodes-base.httpRequest","nodeName":"🗝️ Amadeus Auth Token","nodeId":"ddee2ef7-119f-4f23-8649-7285c81ad086"}}
{"__type":"$$EventMessageConfirm","confirm":"12b959f6-00b4-4026-bb00-2291d9b2a9cf","ts":"2025-12-15T07:47:40.373-05:00","source":{"id":"0","name":"eventBus"}}
{"__type":"$$EventMessageNode","id":"445ab2d3-d78b-4299-bfc8-b4558a88fa69","ts":"2025-12-15T07:47:42.260-05:00","eventName":"n8n.node.finished","message":"n8n.node.finished","payload":{"workflowId":"8y5ALZTU2BvkIrm4","workflowName":"General","executionId":"74","nodeType":"n8n-nodes-base.httpRequest","nodeName":"🗝️ Amadeus Auth Token","nodeId":"ddee2ef7-119f-4f23-8649-7285c81ad086"}}
{"__type":"$$EventMessageConfirm","confirm":"445ab2d3-d78b-4299-bfc8-b4558a88fa69","ts":"2025-12-15T07:47:42.261-05:00","source":{"id":"0","name":"eventBus"}}
{"__type":"$$EventMessageNode","id":"867985c2-ac20-4282-9209-2aa30aa298bb","ts":"2025-12-15T07:47:42.261-05:00","eventName":"n8n.node.started","message":"n8n.node.started","payload":{"workflowId":"8y5ALZTU2BvkIrm4","workflowName":"General","executionId":"74","nodeType":"n8n-nodes-base.httpRequest","nodeName":"🏨 Amadeus Hotels Search","nodeId":"335375c3-b2c4-488a-a187-5db699984bb5"}}
{"__type":"$$EventMessageConfirm","confirm":"867985c2-ac20-4282-9209-2aa30aa298bb","ts":"2025-12-15T07:47:42.261-05:00","source":{"id":"0","name":"eventBus"}}
{"__type":"$$EventMessageNode","id":"b2bab7f4-521e-49d3-99ab-0365f70e2032","ts":"2025-12-15T07:47:44.264-05:00","eventName":"n8n.node.finished","message":"n8n.node.finished","payload":{"workflowId":"8y5ALZTU2BvkIrm4","workflowName":"General","executionId":"74","nodeType":"n8n-nodes-base.httpRequest","nodeName":"🏨 Amadeus Hotels Search","nodeId":"335375c3-b2c4-488a-a187-5db699984bb5"}}
{"__type":"$$EventMessageConfirm","confirm":"b2bab7f4-521e-49d3-99ab-0365f70e2032","ts":"2025-12-15T07:47:44.264-05:00","source":{"id":"0","name":"eventBus"}}
{"__type":"$$EventMessageNode","id":"3e1d742a-dade-4c97-8fff-445d6bbddfb8","ts":"2025-12-15T07:47:44.265-05:00","eventName":"n8n.node.started","message":"n8n.node.started","payload":{"workflowId":"8y5ALZTU2BvkIrm4","workflowName":"General","executionId":"74","nodeType":"n8n-nodes-base.code","nodeName":"🧩 Parse Amadeus Hotels","nodeId":"47677723-da63-41ea-8c58-4cff95258258"}}
{"__type":"$$EventMessageConfirm","confirm":"3e1d742a-dade-4c97-8fff-445d6bbddfb8","ts":"2025-12-15T07:47:44.265-05:00","source":{"id":"0","name":"eventBus"}}
{"__type":"$$EventMessageNode","id":"21d287eb-54c0-49f1-aff4-b25012ac5a3a","ts":"2025-12-15T07:47:44.475-05:00","eventName":"n8n.node.finished","message":"n8n.node.finished","payload":{"workflowId":"8y5ALZTU2BvkIrm4","workflowName":"General","executionId":"74","nodeType":"n8n-nodes-base.code","nodeName":"🧩 Parse Amadeus Hotels","nodeId":"47677723-da63-41ea-8c58-4cff95258258"}}
{"__type":"$$EventMessageConfirm","confirm":"21d287eb-54c0-49f1-aff4-b25012ac5a3a","ts":"2025-12-15T07:47:44.476-05:00","source":{"id":"0","name":"eventBus"}}
{"__type":"$$EventMessageNode","id":"077abfb3-ff86-4aa1-a934-9e107e0a62ed","ts":"2025-12-15T07:47:44.499-05:00","eventName":"n8n.node.started","message":"n8n.node.started","payload":{"workflowId":"8y5ALZTU2BvkIrm4","workflowName":"General","executionId":"74","nodeType":"n8n-nodes-base.code","nodeName":"Code in JavaScript","nodeId":"9ad265ae-5dcc-402a-9191-c6e7792d671f"}}
{"__type":"$$EventMessageConfirm","confirm":"077abfb3-ff86-4aa1-a934-9e107e0a62ed","ts":"2025-12-15T07:47:44.500-05:00","source":{"id":"0","name":"eventBus"}}
{"__type":"$$EventMessageNode","id":"b7058957-9cfd-4069-8ee5-af3dfbdd0e1d","ts":"2025-12-15T07:47:44.557-05:00","eventName":"n8n.node.finished","message":"n8n.node.finished","payload":{"workflowId":"8y5ALZTU2BvkIrm4","workflowName":"General","executionId":"74","nodeType":"n8n-nodes-base.code","nodeName":"Code in JavaScript","nodeId":"9ad265ae-5dcc-402a-9191-c6e7792d671f"}}
{"__type":"$$EventMessageConfirm","confirm":"b7058957-9cfd-4069-8ee5-af3dfbdd0e1d","ts":"2025-12-15T07:47:44.558-05:00","source":{"id":"0","name":"eventBus"}}
{"__type":"$$EventMessageNode","id":"11c1c9b6-2576-4b5b-923b-5cd5ef797c4e","ts":"2025-12-15T07:47:44.559-05:00","eventName":"n8n.node.started","message":"n8n.node.started","payload":{"workflowId":"8y5ALZTU2BvkIrm4","workflowName":"General","executionId":"74","nodeType":"n8n-nodes-base.function","nodeName":"💡 Generate Travel Recommendations","nodeId":"300dd062-67fe-4694-b4db-81170145ca24"}}
{"__type":"$$EventMessageConfirm","confirm":"11c1c9b6-2576-4b5b-923b-5cd5ef797c4e","ts":"2025-12-15T07:47:44.559-05:00","source":{"id":"0","name":"eventBus"}}
{"__type":"$$EventMessageNode","id":"d5053a68-dfe0-4128-994a-c0238e43e8bd","ts":"2025-12-15T07:47:44.604-05:00","eventName":"n8n.node.finished","message":"n8n.node.finished","payload":{"workflowId":"8y5ALZTU2BvkIrm4","workflowName":"General","executionId":"74","nodeType":"n8n-nodes-base.function","nodeName":"💡 Generate Travel Recommendations","nodeId":"300dd062-67fe-4694-b4db-81170145ca24"}}
{"__type":"$$EventMessageConfirm","confirm":"d5053a68-dfe0-4128-994a-c0238e43e8bd","ts":"2025-12-15T07:47:44.604-05:00","source":{"id":"0","name":"eventBus"}}
{"__type":"$$EventMessageNode","id":"afe2ce3d-8b67-4862-bff7-b6fb4dc75a89","ts":"2025-12-15T07:47:44.605-05:00","eventName":"n8n.node.started","message":"n8n.node.started","payload":{"workflowId":"8y5ALZTU2BvkIrm4","workflowName":"General","executionId":"74","nodeType":"n8n-nodes-base.supabase","nodeName":"💾 Supabase Storage","nodeId":"5decf8b0-d187-4260-9cad-7841d180e7bb"}}
{"__type":"$$EventMessageConfirm","confirm":"afe2ce3d-8b67-4862-bff7-b6fb4dc75a89","ts":"2025-12-15T07:47:44.605-05:00","source":{"id":"0","name":"eventBus"}}
{"__type":"$$EventMessageNode","id":"0d90142a-fa6a-431b-b99d-1803ebd95a81","ts":"2025-12-15T07:47:47.423-05:00","eventName":"n8n.node.finished","message":"n8n.node.finished","payload":{"workflowId":"8y5ALZTU2BvkIrm4","workflowName":"General","executionId":"74","nodeType":"n8n-nodes-base.supabase","nodeName":"💾 Supabase Storage","nodeId":"5decf8b0-d187-4260-9cad-7841d180e7bb"}}
{"__type":"$$EventMessageConfirm","confirm":"0d90142a-fa6a-431b-b99d-1803ebd95a81","ts":"2025-12-15T07:47:47.423-05:00","source":{"id":"0","name":"eventBus"}}
{"__type":"$$EventMessageNode","id":"5c00de5b-a92e-48bd-9632-2c1e63dc9fc0","ts":"2025-12-15T07:47:47.423-05:00","eventName":"n8n.node.started","message":"n8n.node.started","payload":{"workflowId":"8y5ALZTU2BvkIrm4","workflowName":"General","executionId":"74","nodeType":"n8n-nodes-base.code","nodeName":"Code in JavaScript1","nodeId":"fa6afa75-0195-4c00-9736-9fa0dfb030c1"}}
{"__type":"$$EventMessageConfirm","confirm":"5c00de5b-a92e-48bd-9632-2c1e63dc9fc0","ts":"2025-12-15T07:47:47.423-05:00","source":{"id":"0","name":"eventBus"}}
{"__type":"$$EventMessageNode","id":"8b8e8879-d2dd-46dd-8bca-959d6729dd00","ts":"2025-12-15T07:47:47.436-05:00","eventName":"n8n.node.finished","message":"n8n.node.finished","payload":{"workflowId":"8y5ALZTU2BvkIrm4","workflowName":"General","executionId":"74","nodeType":"n8n-nodes-base.code","nodeName":"Code in JavaScript1","nodeId":"fa6afa75-0195-4c00-9736-9fa0dfb030c1"}}
{"__type":"$$EventMessageConfirm","confirm":"8b8e8879-d2dd-46dd-8bca-959d6729dd00","ts":"2025-12-15T07:47:47.436-05:00","source":{"id":"0","name":"eventBus"}}
{"__type":"$$EventMessageNode","id":"02af25b3-9269-42c2-ac8e-f682059758bb","ts":"2025-12-15T07:47:47.436-05:00","eventName":"n8n.node.started","message":"n8n.node.started","payload":{"workflowId":"8y5ALZTU2BvkIrm4","workflowName":"General","executionId":"74","nodeType":"n8n-nodes-base.if","nodeName":"🎯 Check Great Deal","nodeId":"2d5f8692-815e-4325-a900-48f6502f5fc0"}}
{"__type":"$$EventMessageConfirm","confirm":"02af25b3-9269-42c2-ac8e-f682059758bb","ts":"2025-12-15T07:47:47.436-05:00","source":{"id":"0","name":"eventBus"}}
{"__type":"$$EventMessageNode","id":"d632e6df-d348-4665-95be-212b8dc90bb7","ts":"2025-12-15T07:47:47.438-05:00","eventName":"n8n.node.finished","message":"n8n.node.finished","payload":{"workflowId":"8y5ALZTU2BvkIrm4","workflowName":"General","executionId":"74","nodeType":"n8n-nodes-base.if","nodeName":"🎯 Check Great Deal","nodeId":"2d5f8692-815e-4325-a900-48f6502f5fc0"}}
{"__type":"$$EventMessageConfirm","confirm":"d632e6df-d348-4665-95be-212b8dc90bb7","ts":"2025-12-15T07:47:47.438-05:00","source":{"id":"0","name":"eventBus"}}
{"__type":"$$EventMessageNode","id":"bab806c7-0ecc-4d25-866e-aeef2f82e8c5","ts":"2025-12-15T07:47:47.439-05:00","eventName":"n8n.node.started","message":"n8n.node.started","payload":{"workflowId":"8y5ALZTU2BvkIrm4","workflowName":"General","executionId":"74","nodeType":"n8n-nodes-base.respondToWebhook","nodeName":"Respond to Webhook1","nodeId":"21d30c3a-21ce-476e-a3c4-2813894cc904"}}
{"__type":"$$EventMessageConfirm","confirm":"bab806c7-0ecc-4d25-866e-aeef2f82e8c5","ts":"2025-12-15T07:47:47.439-05:00","source":{"id":"0","name":"eventBus"}}
{"__type":"$$EventMessageNode","id":"6f7e2c15-bdfb-4571-bee7-962582419a90","ts":"2025-12-15T07:47:47.443-05:00","eventName":"n8n.node.finished","message":"n8n.node.finished","payload":{"workflowId":"8y5ALZTU2BvkIrm4","workflowName":"General","executionId":"74","nodeType":"n8n-nodes-base.respondToWebhook","nodeName":"Respond to Webhook1","nodeId":"21d30c3a-21ce-476e-a3c4-2813894cc904"}}
{"__type":"$$EventMessageConfirm","confirm":"6f7e2c15-bdfb-4571-bee7-962582419a90","ts":"2025-12-15T07:47:47.443-05:00","source":{"id":"0","name":"eventBus"}}
{"__type":"$$EventMessageWorkflow","id":"5c82bce9-595f-4641-8fe3-4930bfa510a6","ts":"2025-12-15T07:47:47.444-05:00","eventName":"n8n.workflow.success","message":"n8n.workflow.success","payload":{"executionId":"74","success":true,"isManual":false,"workflowId":"8y5ALZTU2BvkIrm4","workflowName":"General"}}
{"__type":"$$EventMessageConfirm","confirm":"5c82bce9-595f-4641-8fe3-4930bfa510a6","ts":"2025-12-15T07:47:47.445-05:00","source":{"id":"0","name":"eventBus"}}
